// Jest Snapshot v1, https://goo.gl/fbAQLP

exports[`App component should render component 1`] = `
<DocumentFragment>
  <div>
    <h2>
      Select DataSourceDropdown
    </h2>
    <div
      class="content"
    >
      <p />
    </div>
  </div>
</DocumentFragment>
`;
